Checking for deprecated package usage... OK
Checking for remote package usage... OK
Checking for 'LazyData: true' usage... OK
Checking version number... OK
Checking version number validity... OK
Checking R version dependency... OK
Checking package size... OK
Checking individual file sizes... OK
Checking biocViews... OK
Checking that biocViews are present... OK
Checking package type based on biocViews... OK
Checking for non-trivial biocViews... OK
Checking that biocViews come from the same category... OK
Checking biocViews validity... OK
Checking for recommended biocViews... OK
Checking build system compatibility... OK
Checking for proper Description: field... OK
Checking if DESCRIPTION is well formatted... OK
Checking for whitespace in DESCRIPTION field names... OK
Checking that Package field matches directory/tarball name... OK
Checking for Version: field... OK
Checking for valid maintainer... OK
Checking License: for restrictive use... OK
Checking for recommended DESCRIPTION fields... OK
Checking for Bioconductor software dependencies... OK
Checking for pinned package versions in DESCRIPTION... OK
Checking for 'fnd' role in Authors@R... OK
Checking .Rbuildignore... OK
Checking for stray BiocCheck output folders... OK
Checking for inst/doc folders... OK
Checking vignette directory... OK
Checking package installation calls in R code... OK
Checking for library/require of TaxaTimeImpute... OK
Checking coding practice... OK
Checking parsed R code in R directory, examples, vignettes...
Avoid 'suppressWarnings'/'*Messages' if possible (found 3 times)
suppressWarnings() in R/cluster_methods.R (line 88, column 9)
suppressMessages() in R/cluster_methods.R (line 88, column 26)
suppressMessages() in R/internal_fpca.R (line 53, column 9)
Checking function lengths... OK
Checking man page documentation... OK
Checking package NEWS... OK
Checking unit tests... OK
Checking skip_on_bioc() in tests... OK
Checking formatting of DESCRIPTION, NAMESPACE, man pages, R source, and vignette source...
Consider multiples of 4 spaces for line indents; 41 lines (1%) are not.
First few lines:
R/fd_plot_helpers.R#L113                                   specie ...
R/fd_plot_helpers.R#L174                                time_id,  ...
R/fit.R#L274                            cluster_metho ...
R/fit_helpers.R#L107                                cluster_m ...
R/fit_helpers.R#L155                                    clust ...
R/fit_helpers.R#L209                              cluster_met ...
R/fit_helpers.R#L290                           K, taxon_name, ...
R/fit_helpers.R#L343                              pred_long,  ...
R/fit_helpers.R#L344                              cluster_met ...
R/from_metadata.R#L85                               sample_col ...
R/from_metadata.R#L86                               abundance_ ...
R/from_metadata.R#L87                               pseudocoun ...
R/from_metadata.R#L88                               verbose =  ...
R/from_metadata_helpers.R#L95                                ab_sample ...
R/run.R#L371                          cluster_method  ...
R/run.R#L372                          seed = 123, tim ...
R/run.R#L373                          make_col = NULL ...
R/run_helpers.R#L248                              min_observe ...
R/run_helpers.R#L372                              K, cluster_ ...
R/run_helpers.R#L373                              say) { ...
R/run_metadata.R#L33                                   time_c ...
R/run_metadata.R#L34                                   out_di ...
R/run_metadata.R#L35                                   K, clu ...
R/run_metadata.R#L36                                   seed,  ...
R/run_metadata.R#L74                                plot_form ...
R/se.R#L223                               name) { ...
R/se.R#L329              "' contains missing time po ...
R/se.R#L348                                   time_c ...
vignettes/TaxaTimeImpute-workflow.Rmd#L372   interpolated between neighbouring poin ...
vignettes/TaxaTimeImpute-workflow.Rmd#L373   time-course, conditioned on this subje ...
vignettes/TaxaTimeImpute-workflow.Rmd#L374   subject. ...
vignettes/TaxaTimeImpute-workflow.Rmd#L376   has few nearby observations, so a narr ...
vignettes/TaxaTimeImpute-workflow.Rmd#L377   determined and a wide one means it res ...
vignettes/TaxaTimeImpute-workflow.Rmd#L378   Compare it against the spread of the o ...
vignettes/TaxaTimeImpute-workflow.Rmd#L379   that spread is a weakly informed imput ...
vignettes/TaxaTimeImpute-workflow.Rmd#L381   the shape shared across subjects. The  ...
vignettes/TaxaTimeImpute-workflow.Rmd#L382   so treat such a value with more cautio ...
vignettes/TaxaTimeImpute-workflow.Rmd#L389   trajectories below the 5% Fraiman-Muni ...
vignettes/TaxaTimeImpute-workflow.Rmd#L390   target subject is always kept. ...
vignettes/TaxaTimeImpute-workflow.Rmd#L392   taxon by mean silhouette width and ref ...
vignettes/TaxaTimeImpute-workflow.Rmd#L393   `K = 1` pools all subjects and is cons ...
Checking if package already exists in CRAN... OK
Checking for bioc-devel mailing list subscription...
Cannot determine whether maintainer is subscribed to the Bioc-Devel mailing list (requires admin credentials). Subscribe here: https://stat.ethz.ch/mailman/listinfo/bioc-devel
Checking for support site registration...
Add package to Watched Tags in your Support Site profile; visit https://support.bioconductor.org/accounts/edit/profile
